MochaMatVec: matrix is defective (eigenvectors are NOT linearly independent). Not diagonalisable over C. Use Jordan normal form.
